// Jest Snapshot v1, https://goo.gl/fbAQLP

exports[`User enters a searchword into the searchbar Test so that everything renders correctly 1`] = `
<div
  id="inputWithIcon"
>
  <input
    id="input"
    placeholder="Search..."
    type="text"
  />
   
  <button>
    Reset
  </button>
</div>
`;
