// Jest Snapshot v1, https://goo.gl/fbAQLP

exports[`Test footer rendering and elements check that component is rendered 1`] = `
<div>
  <footer>
    <p>
      Copyright â“’ 2020
    </p>
     
    <p>
      Heisenberg enterprise
    </p>
  </footer>
</div>
`;
